// Jest Snapshot v1, https://goo.gl/fbAQLP

exports[`App should match the snapshot 1`] = `
ShallowWrapper {
  "length": 1,
  Symbol(enzyme.__root__): [Circular],
  Symbol(enzyme.__unrendered__): <App
    addRace={[Function]}
    captureUser={[Function]}
    clearRaces={[Function]}
    logOut={[Function]}
/>,
  Symbol(enzyme.__renderer__): Object {
    "batchedUpdates": [Function],
    "getNode": [Function],
    "render": [Function],
    "simulateEvent": [Function],
    "unmount": [Function],
  },
  Symbol(enzyme.__node__): Object {
    "instance": null,
    "key": undefined,
    "nodeType": "host",
    "props": Object {
      "children": Array [
        <header
          className="App-header"
>
          <h1
                    className="App-title"
          >
                    Finish Your Fifty
          </h1>
</header>,
        <nav>
          <NavLink
                    activeClassName="active"
                    ariaCurrent="true"
                    className="nav-section nav1"
                    exact={true}
                    to="/"
          >
                    Home
          </NavLink>
          <NavLink
                    activeClassName="active"
                    ariaCurrent="true"
                    className="nav-section nav2"
                    to="/add-race"
          >
                    Add Race
          </NavLink>
          <NavLink
                    activeClassName="active"
                    ariaCurrent="true"
                    className="nav-section nav3"
                    to="/race-log"
          >
                    Race Log
          </NavLink>
          <NavLink
                    activeClassName="active"
                    ariaCurrent="true"
                    className="nav-section nav4"
                    to="/search"
          >
                    Search
          </NavLink>
</nav>,
        <div
          className="app-body"
>
          <Switch>
                    <Route
                              exact={true}
                              path="/"
                              render={[Function]}
                    />
                    <Route
                              exact={true}
                              path="/add-race"
                              render={[Function]}
                    />
                    <Route
                              exact={true}
                              path="/race-log"
                              render={[Function]}
                    />
                    <Route
                              exact={true}
                              path="/search"
                              render={[Function]}
                    />
                    <Route
                              component={[Function]}
                              exact={true}
                              path="/welcome/login"
                    />
                    <Route
                              component={[Function]}
                              exact={true}
                              path="/welcome/signup"
                    />
          </Switch>
</div>,
      ],
      "className": "App",
    },
    "ref": null,
    "rendered": Array [
      Object {
        "instance": null,
        "key": undefined,
        "nodeType": "host",
        "props": Object {
          "children": Array [
            <h1
              className="App-title"
>
              Finish Your Fifty
</h1>,
            undefined,
          ],
          "className": "App-header",
        },
        "ref": null,
        "rendered": Array [
          Object {
            "instance": null,
            "key": undefined,
            "nodeType": "host",
            "props": Object {
              "children": "Finish Your Fifty",
              "className": "App-title",
            },
            "ref": null,
            "rendered": "Finish Your Fifty",
            "type": "h1",
          },
          undefined,
        ],
        "type": "header",
      },
      Object {
        "instance": null,
        "key": undefined,
        "nodeType": "host",
        "props": Object {
          "children": Array [
            <NavLink
              activeClassName="active"
              ariaCurrent="true"
              className="nav-section nav1"
              exact={true}
              to="/"
>
              Home
</NavLink>,
            <NavLink
              activeClassName="active"
              ariaCurrent="true"
              className="nav-section nav2"
              to="/add-race"
>
              Add Race
</NavLink>,
            <NavLink
              activeClassName="active"
              ariaCurrent="true"
              className="nav-section nav3"
              to="/race-log"
>
              Race Log
</NavLink>,
            <NavLink
              activeClassName="active"
              ariaCurrent="true"
              className="nav-section nav4"
              to="/search"
>
              Search
</NavLink>,
          ],
        },
        "ref": null,
        "rendered": Array [
          Object {
            "instance": null,
            "key": undefined,
            "nodeType": "function",
            "props": Object {
              "activeClassName": "active",
              "ariaCurrent": "true",
              "children": "Home",
              "className": "nav-section nav1",
              "exact": true,
              "to": "/",
            },
            "ref": null,
            "rendered": "Home",
            "type": [Function],
          },
          Object {
            "instance": null,
            "key": undefined,
            "nodeType": "function",
            "props": Object {
              "activeClassName": "active",
              "ariaCurrent": "true",
              "children": "Add Race",
              "className": "nav-section nav2",
              "to": "/add-race",
            },
            "ref": null,
            "rendered": "Add Race",
            "type": [Function],
          },
          Object {
            "instance": null,
            "key": undefined,
            "nodeType": "function",
            "props": Object {
              "activeClassName": "active",
              "ariaCurrent": "true",
              "children": "Race Log",
              "className": "nav-section nav3",
              "to": "/race-log",
            },
            "ref": null,
            "rendered": "Race Log",
            "type": [Function],
          },
          Object {
            "instance": null,
            "key": undefined,
            "nodeType": "function",
            "props": Object {
              "activeClassName": "active",
              "ariaCurrent": "true",
              "children": "Search",
              "className": "nav-section nav4",
              "to": "/search",
            },
            "ref": null,
            "rendered": "Search",
            "type": [Function],
          },
        ],
        "type": "nav",
      },
      Object {
        "instance": null,
        "key": undefined,
        "nodeType": "host",
        "props": Object {
          "children": <Switch>
            <Route
                        exact={true}
                        path="/"
                        render={[Function]}
            />
            <Route
                        exact={true}
                        path="/add-race"
                        render={[Function]}
            />
            <Route
                        exact={true}
                        path="/race-log"
                        render={[Function]}
            />
            <Route
                        exact={true}
                        path="/search"
                        render={[Function]}
            />
            <Route
                        component={[Function]}
                        exact={true}
                        path="/welcome/login"
            />
            <Route
                        component={[Function]}
                        exact={true}
                        path="/welcome/signup"
            />
</Switch>,
          "className": "app-body",
        },
        "ref": null,
        "rendered": Object {
          "instance": null,
          "key": undefined,
          "nodeType": "class",
          "props": Object {
            "children": Array [
              <Route
                exact={true}
                path="/"
                render={[Function]}
/>,
              <Route
                exact={true}
                path="/add-race"
                render={[Function]}
/>,
              <Route
                exact={true}
                path="/race-log"
                render={[Function]}
/>,
              <Route
                exact={true}
                path="/search"
                render={[Function]}
/>,
              <Route
                component={[Function]}
                exact={true}
                path="/welcome/login"
/>,
              <Route
                component={[Function]}
                exact={true}
                path="/welcome/signup"
/>,
            ],
          },
          "ref": null,
          "rendered": Array [
            Object {
              "instance": null,
              "key": undefined,
              "nodeType": "class",
              "props": Object {
                "exact": true,
                "path": "/",
                "render": [Function],
              },
              "ref": null,
              "rendered": null,
              "type": [Function],
            },
            Object {
              "instance": null,
              "key": undefined,
              "nodeType": "class",
              "props": Object {
                "exact": true,
                "path": "/add-race",
                "render": [Function],
              },
              "ref": null,
              "rendered": null,
              "type": [Function],
            },
            Object {
              "instance": null,
              "key": undefined,
              "nodeType": "class",
              "props": Object {
                "exact": true,
                "path": "/race-log",
                "render": [Function],
              },
              "ref": null,
              "rendered": null,
              "type": [Function],
            },
            Object {
              "instance": null,
              "key": undefined,
              "nodeType": "class",
              "props": Object {
                "exact": true,
                "path": "/search",
                "render": [Function],
              },
              "ref": null,
              "rendered": null,
              "type": [Function],
            },
            Object {
              "instance": null,
              "key": undefined,
              "nodeType": "class",
              "props": Object {
                "component": [Function],
                "exact": true,
                "path": "/welcome/login",
              },
              "ref": null,
              "rendered": null,
              "type": [Function],
            },
            Object {
              "instance": null,
              "key": undefined,
              "nodeType": "class",
              "props": Object {
                "component": [Function],
                "exact": true,
                "path": "/welcome/signup",
              },
              "ref": null,
              "rendered": null,
              "type": [Function],
            },
          ],
          "type": [Function],
        },
        "type": "div",
      },
    ],
    "type": "div",
  },
  Symbol(enzyme.__nodes__): Array [
    Object {
      "instance": null,
      "key": undefined,
      "nodeType": "host",
      "props": Object {
        "children": Array [
          <header
            className="App-header"
>
            <h1
                        className="App-title"
            >
                        Finish Your Fifty
            </h1>
</header>,
          <nav>
            <NavLink
                        activeClassName="active"
                        ariaCurrent="true"
                        className="nav-section nav1"
                        exact={true}
                        to="/"
            >
                        Home
            </NavLink>
            <NavLink
                        activeClassName="active"
                        ariaCurrent="true"
                        className="nav-section nav2"
                        to="/add-race"
            >
                        Add Race
            </NavLink>
            <NavLink
                        activeClassName="active"
                        ariaCurrent="true"
                        className="nav-section nav3"
                        to="/race-log"
            >
                        Race Log
            </NavLink>
            <NavLink
                        activeClassName="active"
                        ariaCurrent="true"
                        className="nav-section nav4"
                        to="/search"
            >
                        Search
            </NavLink>
</nav>,
          <div
            className="app-body"
>
            <Switch>
                        <Route
                                    exact={true}
                                    path="/"
                                    render={[Function]}
                        />
                        <Route
                                    exact={true}
                                    path="/add-race"
                                    render={[Function]}
                        />
                        <Route
                                    exact={true}
                                    path="/race-log"
                                    render={[Function]}
                        />
                        <Route
                                    exact={true}
                                    path="/search"
                                    render={[Function]}
                        />
                        <Route
                                    component={[Function]}
                                    exact={true}
                                    path="/welcome/login"
                        />
                        <Route
                                    component={[Function]}
                                    exact={true}
                                    path="/welcome/signup"
                        />
            </Switch>
</div>,
        ],
        "className": "App",
      },
      "ref": null,
      "rendered": Array [
        Object {
          "instance": null,
          "key": undefined,
          "nodeType": "host",
          "props": Object {
            "children": Array [
              <h1
                className="App-title"
>
                Finish Your Fifty
</h1>,
              undefined,
            ],
            "className": "App-header",
          },
          "ref": null,
          "rendered": Array [
            Object {
              "instance": null,
              "key": undefined,
              "nodeType": "host",
              "props": Object {
                "children": "Finish Your Fifty",
                "className": "App-title",
              },
              "ref": null,
              "rendered": "Finish Your Fifty",
              "type": "h1",
            },
            undefined,
          ],
          "type": "header",
        },
        Object {
          "instance": null,
          "key": undefined,
          "nodeType": "host",
          "props": Object {
            "children": Array [
              <NavLink
                activeClassName="active"
                ariaCurrent="true"
                className="nav-section nav1"
                exact={true}
                to="/"
>
                Home
</NavLink>,
              <NavLink
                activeClassName="active"
                ariaCurrent="true"
                className="nav-section nav2"
                to="/add-race"
>
                Add Race
</NavLink>,
              <NavLink
                activeClassName="active"
                ariaCurrent="true"
                className="nav-section nav3"
                to="/race-log"
>
                Race Log
</NavLink>,
              <NavLink
                activeClassName="active"
                ariaCurrent="true"
                className="nav-section nav4"
                to="/search"
>
                Search
</NavLink>,
            ],
          },
          "ref": null,
          "rendered": Array [
            Object {
              "instance": null,
              "key": undefined,
              "nodeType": "function",
              "props": Object {
                "activeClassName": "active",
                "ariaCurrent": "true",
                "children": "Home",
                "className": "nav-section nav1",
                "exact": true,
                "to": "/",
              },
              "ref": null,
              "rendered": "Home",
              "type": [Function],
            },
            Object {
              "instance": null,
              "key": undefined,
              "nodeType": "function",
              "props": Object {
                "activeClassName": "active",
                "ariaCurrent": "true",
                "children": "Add Race",
                "className": "nav-section nav2",
                "to": "/add-race",
              },
              "ref": null,
              "rendered": "Add Race",
              "type": [Function],
            },
            Object {
              "instance": null,
              "key": undefined,
              "nodeType": "function",
              "props": Object {
                "activeClassName": "active",
                "ariaCurrent": "true",
                "children": "Race Log",
                "className": "nav-section nav3",
                "to": "/race-log",
              },
              "ref": null,
              "rendered": "Race Log",
              "type": [Function],
            },
            Object {
              "instance": null,
              "key": undefined,
              "nodeType": "function",
              "props": Object {
                "activeClassName": "active",
                "ariaCurrent": "true",
                "children": "Search",
                "className": "nav-section nav4",
                "to": "/search",
              },
              "ref": null,
              "rendered": "Search",
              "type": [Function],
            },
          ],
          "type": "nav",
        },
        Object {
          "instance": null,
          "key": undefined,
          "nodeType": "host",
          "props": Object {
            "children": <Switch>
              <Route
                            exact={true}
                            path="/"
                            render={[Function]}
              />
              <Route
                            exact={true}
                            path="/add-race"
                            render={[Function]}
              />
              <Route
                            exact={true}
                            path="/race-log"
                            render={[Function]}
              />
              <Route
                            exact={true}
                            path="/search"
                            render={[Function]}
              />
              <Route
                            component={[Function]}
                            exact={true}
                            path="/welcome/login"
              />
              <Route
                            component={[Function]}
                            exact={true}
                            path="/welcome/signup"
              />
</Switch>,
            "className": "app-body",
          },
          "ref": null,
          "rendered": Object {
            "instance": null,
            "key": undefined,
            "nodeType": "class",
            "props": Object {
              "children": Array [
                <Route
                  exact={true}
                  path="/"
                  render={[Function]}
/>,
                <Route
                  exact={true}
                  path="/add-race"
                  render={[Function]}
/>,
                <Route
                  exact={true}
                  path="/race-log"
                  render={[Function]}
/>,
                <Route
                  exact={true}
                  path="/search"
                  render={[Function]}
/>,
                <Route
                  component={[Function]}
                  exact={true}
                  path="/welcome/login"
/>,
                <Route
                  component={[Function]}
                  exact={true}
                  path="/welcome/signup"
/>,
              ],
            },
            "ref": null,
            "rendered": Array [
              Object {
                "instance": null,
                "key": undefined,
                "nodeType": "class",
                "props": Object {
                  "exact": true,
                  "path": "/",
                  "render": [Function],
                },
                "ref": null,
                "rendered": null,
                "type": [Function],
              },
              Object {
                "instance": null,
                "key": undefined,
                "nodeType": "class",
                "props": Object {
                  "exact": true,
                  "path": "/add-race",
                  "render": [Function],
                },
                "ref": null,
                "rendered": null,
                "type": [Function],
              },
              Object {
                "instance": null,
                "key": undefined,
                "nodeType": "class",
                "props": Object {
                  "exact": true,
                  "path": "/race-log",
                  "render": [Function],
                },
                "ref": null,
                "rendered": null,
                "type": [Function],
              },
              Object {
                "instance": null,
                "key": undefined,
                "nodeType": "class",
                "props": Object {
                  "exact": true,
                  "path": "/search",
                  "render": [Function],
                },
                "ref": null,
                "rendered": null,
                "type": [Function],
              },
              Object {
                "instance": null,
                "key": undefined,
                "nodeType": "class",
                "props": Object {
                  "component": [Function],
                  "exact": true,
                  "path": "/welcome/login",
                },
                "ref": null,
                "rendered": null,
                "type": [Function],
              },
              Object {
                "instance": null,
                "key": undefined,
                "nodeType": "class",
                "props": Object {
                  "component": [Function],
                  "exact": true,
                  "path": "/welcome/signup",
                },
                "ref": null,
                "rendered": null,
                "type": [Function],
              },
            ],
            "type": [Function],
          },
          "type": "div",
        },
      ],
      "type": "div",
    },
  ],
  Symbol(enzyme.__options__): Object {
    "adapter": ReactSixteenAdapter {
      "options": Object {
        "enableComponentDidUpdateOnSetState": true,
      },
    },
    "disableLifecycleMethods": true,
  },
}
`;
