// Jest Snapshot v1, https://goo.gl/fbAQLP

exports[`Welcome should match the snapshot 1`] = `
ShallowWrapper {
  "length": 1,
  Symbol(enzyme.__root__): [Circular],
  Symbol(enzyme.__unrendered__): <Welcome
    captureUser={[Function]}
    match={
        Object {
            "path": "/welcome/signup",
          }
    }
/>,
  Symbol(enzyme.__renderer__): Object {
    "batchedUpdates": [Function],
    "getNode": [Function],
    "render": [Function],
    "simulateEvent": [Function],
    "unmount": [Function],
  },
  Symbol(enzyme.__node__): Object {
    "instance": null,
    "key": undefined,
    "nodeType": "host",
    "props": Object {
      "children": <form
        onSubmit={[Function]}
>
        <h2>
                Please sign up to start tracking races
        </h2>
        <p
                className="welcome-text"
        >
                Have an account?
                <NavLink
                        activeClassName="active"
                        ariaCurrent="true"
                        className="welcome-link"
                        to="/welcome/login"
                >
                        Log In
                </NavLink>
        </p>
        <input
                name="userName"
                onChange={[Function]}
                placeholder="Enter Name"
                type="text"
                value=""
        />
        <input
                name="email"
                onChange={[Function]}
                placeholder="Enter Email"
                type="email"
                value=""
        />
        <input
                name="password"
                onChange={[Function]}
                placeholder="Enter Password"
                type="password"
                value=""
        />
        <button
                type="submit"
        >
                Start Tracking
        </button>
        <p />
</form>,
    },
    "ref": null,
    "rendered": Object {
      "instance": null,
      "key": undefined,
      "nodeType": "host",
      "props": Object {
        "children": Array [
          <h2>
            Please sign up to start tracking races
</h2>,
          <p
            className="welcome-text"
>
            Have an account?
            <NavLink
                        activeClassName="active"
                        ariaCurrent="true"
                        className="welcome-link"
                        to="/welcome/login"
            >
                        Log In
            </NavLink>
</p>,
          <input
            name="userName"
            onChange={[Function]}
            placeholder="Enter Name"
            type="text"
            value=""
/>,
          <input
            name="email"
            onChange={[Function]}
            placeholder="Enter Email"
            type="email"
            value=""
/>,
          <input
            name="password"
            onChange={[Function]}
            placeholder="Enter Password"
            type="password"
            value=""
/>,
          <button
            type="submit"
>
            Start Tracking
</button>,
          <p />,
        ],
        "onSubmit": [Function],
      },
      "ref": null,
      "rendered": Array [
        Object {
          "instance": null,
          "key": undefined,
          "nodeType": "host",
          "props": Object {
            "children": "Please sign up to start tracking races",
          },
          "ref": null,
          "rendered": "Please sign up to start tracking races",
          "type": "h2",
        },
        Object {
          "instance": null,
          "key": undefined,
          "nodeType": "host",
          "props": Object {
            "children": Array [
              "Have an account?",
              <NavLink
                activeClassName="active"
                ariaCurrent="true"
                className="welcome-link"
                to="/welcome/login"
>
                Log In
</NavLink>,
            ],
            "className": "welcome-text",
          },
          "ref": null,
          "rendered": Array [
            "Have an account?",
            Object {
              "instance": null,
              "key": undefined,
              "nodeType": "function",
              "props": Object {
                "activeClassName": "active",
                "ariaCurrent": "true",
                "children": "Log In",
                "className": "welcome-link",
                "to": "/welcome/login",
              },
              "ref": null,
              "rendered": "Log In",
              "type": [Function],
            },
          ],
          "type": "p",
        },
        Object {
          "instance": null,
          "key": undefined,
          "nodeType": "host",
          "props": Object {
            "name": "userName",
            "onChange": [Function],
            "placeholder": "Enter Name",
            "type": "text",
            "value": "",
          },
          "ref": null,
          "rendered": null,
          "type": "input",
        },
        Object {
          "instance": null,
          "key": undefined,
          "nodeType": "host",
          "props": Object {
            "name": "email",
            "onChange": [Function],
            "placeholder": "Enter Email",
            "type": "email",
            "value": "",
          },
          "ref": null,
          "rendered": null,
          "type": "input",
        },
        Object {
          "instance": null,
          "key": undefined,
          "nodeType": "host",
          "props": Object {
            "name": "password",
            "onChange": [Function],
            "placeholder": "Enter Password",
            "type": "password",
            "value": "",
          },
          "ref": null,
          "rendered": null,
          "type": "input",
        },
        Object {
          "instance": null,
          "key": undefined,
          "nodeType": "host",
          "props": Object {
            "children": "Start Tracking",
            "type": "submit",
          },
          "ref": null,
          "rendered": "Start Tracking",
          "type": "button",
        },
        Object {
          "instance": null,
          "key": undefined,
          "nodeType": "host",
          "props": Object {
            "children": "",
          },
          "ref": null,
          "rendered": "",
          "type": "p",
        },
      ],
      "type": "form",
    },
    "type": "div",
  },
  Symbol(enzyme.__nodes__): Array [
    Object {
      "instance": null,
      "key": undefined,
      "nodeType": "host",
      "props": Object {
        "children": <form
          onSubmit={[Function]}
>
          <h2>
                    Please sign up to start tracking races
          </h2>
          <p
                    className="welcome-text"
          >
                    Have an account?
                    <NavLink
                              activeClassName="active"
                              ariaCurrent="true"
                              className="welcome-link"
                              to="/welcome/login"
                    >
                              Log In
                    </NavLink>
          </p>
          <input
                    name="userName"
                    onChange={[Function]}
                    placeholder="Enter Name"
                    type="text"
                    value=""
          />
          <input
                    name="email"
                    onChange={[Function]}
                    placeholder="Enter Email"
                    type="email"
                    value=""
          />
          <input
                    name="password"
                    onChange={[Function]}
                    placeholder="Enter Password"
                    type="password"
                    value=""
          />
          <button
                    type="submit"
          >
                    Start Tracking
          </button>
          <p />
</form>,
      },
      "ref": null,
      "rendered": Object {
        "instance": null,
        "key": undefined,
        "nodeType": "host",
        "props": Object {
          "children": Array [
            <h2>
              Please sign up to start tracking races
</h2>,
            <p
              className="welcome-text"
>
              Have an account?
              <NavLink
                            activeClassName="active"
                            ariaCurrent="true"
                            className="welcome-link"
                            to="/welcome/login"
              >
                            Log In
              </NavLink>
</p>,
            <input
              name="userName"
              onChange={[Function]}
              placeholder="Enter Name"
              type="text"
              value=""
/>,
            <input
              name="email"
              onChange={[Function]}
              placeholder="Enter Email"
              type="email"
              value=""
/>,
            <input
              name="password"
              onChange={[Function]}
              placeholder="Enter Password"
              type="password"
              value=""
/>,
            <button
              type="submit"
>
              Start Tracking
</button>,
            <p />,
          ],
          "onSubmit": [Function],
        },
        "ref": null,
        "rendered": Array [
          Object {
            "instance": null,
            "key": undefined,
            "nodeType": "host",
            "props": Object {
              "children": "Please sign up to start tracking races",
            },
            "ref": null,
            "rendered": "Please sign up to start tracking races",
            "type": "h2",
          },
          Object {
            "instance": null,
            "key": undefined,
            "nodeType": "host",
            "props": Object {
              "children": Array [
                "Have an account?",
                <NavLink
                  activeClassName="active"
                  ariaCurrent="true"
                  className="welcome-link"
                  to="/welcome/login"
>
                  Log In
</NavLink>,
              ],
              "className": "welcome-text",
            },
            "ref": null,
            "rendered": Array [
              "Have an account?",
              Object {
                "instance": null,
                "key": undefined,
                "nodeType": "function",
                "props": Object {
                  "activeClassName": "active",
                  "ariaCurrent": "true",
                  "children": "Log In",
                  "className": "welcome-link",
                  "to": "/welcome/login",
                },
                "ref": null,
                "rendered": "Log In",
                "type": [Function],
              },
            ],
            "type": "p",
          },
          Object {
            "instance": null,
            "key": undefined,
            "nodeType": "host",
            "props": Object {
              "name": "userName",
              "onChange": [Function],
              "placeholder": "Enter Name",
              "type": "text",
              "value": "",
            },
            "ref": null,
            "rendered": null,
            "type": "input",
          },
          Object {
            "instance": null,
            "key": undefined,
            "nodeType": "host",
            "props": Object {
              "name": "email",
              "onChange": [Function],
              "placeholder": "Enter Email",
              "type": "email",
              "value": "",
            },
            "ref": null,
            "rendered": null,
            "type": "input",
          },
          Object {
            "instance": null,
            "key": undefined,
            "nodeType": "host",
            "props": Object {
              "name": "password",
              "onChange": [Function],
              "placeholder": "Enter Password",
              "type": "password",
              "value": "",
            },
            "ref": null,
            "rendered": null,
            "type": "input",
          },
          Object {
            "instance": null,
            "key": undefined,
            "nodeType": "host",
            "props": Object {
              "children": "Start Tracking",
              "type": "submit",
            },
            "ref": null,
            "rendered": "Start Tracking",
            "type": "button",
          },
          Object {
            "instance": null,
            "key": undefined,
            "nodeType": "host",
            "props": Object {
              "children": "",
            },
            "ref": null,
            "rendered": "",
            "type": "p",
          },
        ],
        "type": "form",
      },
      "type": "div",
    },
  ],
  Symbol(enzyme.__options__): Object {
    "adapter": ReactSixteenAdapter {
      "options": Object {
        "enableComponentDidUpdateOnSetState": true,
      },
    },
  },
}
`;
